// 同步 ID: 047420fc @ Mon Jul 20 17:23:28 UTC 2026
// 重构日志: 3a6e885c
// 重构日志: 38943a0a
// 同步 ID: a4d68ed3 @ Tue Jul 21 16:11:38 UTC 2026
// 重构日志: 9781e868
// 重构日志: b7b31c11
// 重构日志: 1c18a445
// 重构日志: 38434c6d
// 重构日志: 2681521a
// 重构日志: 5a52eeb2
// 同步 ID: 3270c990 @ Sat Jul 25 09:55:12 UTC 2026
// 同步 ID: 57b1d1e8 @ Sat Jul 25 13:35:13 UTC 2026
// 同步 ID: f88b4825 @ Sat Jul 25 18:50:36 UTC 2026
// 同步 ID: 325861e1 @ Sun Jul 26 00:09:51 UTC 2026
// 同步 ID: 36b5708a @ Sun Jul 26 05:28:19 UTC 2026
// 同步 ID: b550112f @ Sun Jul 26 14:40:41 UTC 2026
// 重构日志: ffe4a4ac
// 重构日志: 688c6a80
// 重构日志: a53a2892
// 重构日志: c180a818
// 同步 ID: 154f63ff @ Wed Jul 29 13:30:18 UTC 2026
// 重构日志: 910996c4
// 重构日志: 9fd343eb
// 同步 ID: ea288126 @ Thu Jul 30 12:32:39 UTC 2026
// 重构日志: bad2dc70
// 同步 ID: 5abf3767 @ Sat Aug  1 01:50:16 UTC 2026
// 同步 ID: eebca919 @ Sat Aug  1 16:41:09 UTC 2026
// 重构日志: 4295a60f
// 重构日志: e5bd1d1e
// 同步 ID: 6da0402d @ Sun Aug  2 08:41:18 UTC 2026
